// Jest Snapshot v1, https://goo.gl/fbAQLP

exports[`Switch 视图 禁用状态 1`] = `
<div class="d-switch" style="width: 46px; height: 24px; background: rgb(204, 204, 204); border-color: #cccccc;">
  <div class="d-switch-switch_btn" style="width: 24px; height: 24px; left: 0px; background: rgb(255, 255, 255);"></div>
</div>
`;

exports[`Switch 视图 自定义颜色 1`] = `
<div class="d-switch" style="width: 46px; height: 24px; background: rgb(234, 231, 226); border-color: #eae7e2;">
  <div class="d-switch-switch_btn" style="width: 24px; height: 24px; left: 0px; background: rgb(203, 221, 221);"></div>
</div>
`;
